Invalid!
B
Invalid!
J10,.................................................
Invalid!
Occupied coordinate
Invalid!
Invalid coordinate
Invalid coordinate
Invalid!
A1A2
M17,xxxxxxx..........................................
Invalid!
Invalid!
Invalid!
White wins!
A1A2
Thank you for playing!
