Black wins!
A19A18B18B17C17C16D16D15E15
Thank you for playing!
