Black wins!
A19B19A18B18A17B17A16B16A15
Thank you for playing!
