Black wins!
S19S18R18R17Q17Q16P16P15O15
Thank you for playing!
