S1S2
S1S2R1R2
Black wins!
S1S2R1R2Q1Q2P1P2O1
Thank you for playing!
