Black wins!
A1A2B2B3C3C4D4D5E5
Thank you for playing!
