Black wins!
S1S2R2R3Q3Q4P4P5O5
Thank you for playing!
